{"level":"warn","message":"⚠️  Environment file .env.development.local not found. Make sure to run configureEnvironment."}
{"level":"warn","message":"⚠️  Environment file .env.development.local not found. Make sure to run configureEnvironment."}
{"level":"info","message":"::1 - - [29/May/2025:15:44:53 +0000] \"GET / HTTP/1.1\" 200 - \"-\" \"PostmanRuntime/7.44.0\""}
{"level":"info","message":"::1 - - [29/May/2025:15:45:34 +0000] \"GET / HTTP/1.1\" 200 19 \"-\" \"PostmanRuntime/7.44.0\""}
{"level":"info","message":"::1 - - [29/May/2025:15:47:55 +0000] \"GET /api/uploads HTTP/1.1\" 200 34 \"-\" \"PostmanRuntime/7.44.0\""}
{"level":"info","message":"::1 - - [29/May/2025:15:50:10 +0000] \"POST /api/uploads HTTP/1.1\" 500 - \"-\" \"PostmanRuntime/7.44.0\""}
{"level":"info","message":"::1 - - [29/May/2025:15:51:17 +0000] \"POST /api/uploads HTTP/1.1\" 500 - \"-\" \"PostmanRuntime/7.44.0\""}
{"level":"info","message":"::1 - - [31/May/2025:08:31:54 +0000] \"POST /api/uploads HTTP/1.1\" 500 - \"-\" \"PostmanRuntime/7.44.0\""}
{"level":"info","message":"::1 - - [31/May/2025:08:32:40 +0000] \"POST /api/uploads HTTP/1.1\" 500 - \"-\" \"PostmanRuntime/7.44.0\""}
{"level":"info","message":"::1 - - [31/May/2025:08:33:46 +0000] \"POST /api/uploads HTTP/1.1\" 201 147 \"-\" \"PostmanRuntime/7.44.0\""}
{"level":"info","message":"::1 - - [02/Jun/2025:08:08:13 +0000] \"GET /api/category HTTP/1.1\" 200 87 \"-\" \"PostmanRuntime/7.44.0\""}
{"level":"info","message":"::1 - - [02/Jun/2025:08:08:58 +0000] \"POST /api/category HTTP/1.1\" 400 86 \"-\" \"PostmanRuntime/7.44.0\""}
{"level":"info","message":"::1 - - [02/Jun/2025:08:09:24 +0000] \"POST /api/category HTTP/1.1\" 201 223 \"-\" \"PostmanRuntime/7.44.0\""}
{"level":"info","message":"::1 - - [02/Jun/2025:09:19:49 +0000] \"GET /api/category HTTP/1.1\" 200 227 \"-\" \"PostmanRuntime/7.44.0\""}
{"level":"info","message":"::1 - - [02/Jun/2025:09:35:52 +0000] \"POST /api/uploads HTTP/1.1\" 400 86 \"-\" \"PostmanRuntime/7.44.0\""}
{"level":"info","message":"::1 - - [02/Jun/2025:09:36:48 +0000] \"POST /api/uploads HTTP/1.1\" 404 81 \"-\" \"PostmanRuntime/7.44.0\""}
{"level":"info","message":"::1 - - [02/Jun/2025:09:37:01 +0000] \"POST /api/uploads HTTP/1.1\" 500 117 \"-\" \"PostmanRuntime/7.44.0\""}
{"level":"info","message":"::1 - - [02/Jun/2025:09:37:59 +0000] \"POST /api/uploads HTTP/1.1\" 201 - \"-\" \"PostmanRuntime/7.44.0\""}
{"level":"info","message":"::1 - - [02/Jun/2025:09:39:12 +0000] \"GET /api/uploads HTTP/1.1\" 200 34 \"-\" \"PostmanRuntime/7.44.0\""}
{"level":"info","message":"::1 - - [02/Jun/2025:10:51:47 +0000] \"GET /api/uploads HTTP/1.1\" 200 - \"-\" \"PostmanRuntime/7.44.0\""}
{"level":"info","message":"::1 - - [02/Jun/2025:11:15:33 +0000] \"GET /api/search HTTP/1.1\" 200 - \"-\" \"PostmanRuntime/7.44.0\""}
{"level":"info","message":"::1 - - [02/Jun/2025:11:16:18 +0000] \"GET /api/search HTTP/1.1\" 200 - \"-\" \"PostmanRuntime/7.44.0\""}
{"level":"info","message":"::1 - - [02/Jun/2025:11:17:39 +0000] \"GET /api/search HTTP/1.1\" 200 - \"-\" \"PostmanRuntime/7.44.0\""}
{"level":"info","message":"::1 - - [02/Jun/2025:11:18:46 +0000] \"GET /api/search HTTP/1.1\" 200 - \"-\" \"PostmanRuntime/7.44.0\""}
{"level":"info","message":"::1 - - [02/Jun/2025:11:23:14 +0000] \"GET /api/search HTTP/1.1\" 200 - \"-\" \"PostmanRuntime/7.44.0\""}
{"level":"info","message":"::1 - - [02/Jun/2025:11:23:50 +0000] \"POST /api/uploads HTTP/1.1\" 500 - \"-\" \"PostmanRuntime/7.44.0\""}
{"level":"info","message":"::1 - - [02/Jun/2025:11:24:12 +0000] \"POST /api/uploads HTTP/1.1\" 201 - \"-\" \"PostmanRuntime/7.44.0\""}
{"level":"info","message":"::1 - - [02/Jun/2025:11:25:15 +0000] \"GET /api/search HTTP/1.1\" 500 323 \"-\" \"PostmanRuntime/7.44.0\""}
{"level":"info","message":"::1 - - [02/Jun/2025:11:25:41 +0000] \"GET /api/search HTTP/1.1\" 200 - \"-\" \"PostmanRuntime/7.44.0\""}
{"level":"info","message":"::1 - - [02/Jun/2025:11:27:33 +0000] \"GET /api/search?q=policy&category=1 HTTP/1.1\" 200 86 \"-\" \"PostmanRuntime/7.44.0\""}
{"level":"info","message":"::1 - - [02/Jun/2025:11:27:49 +0000] \"GET /api/search?q=International&category=1 HTTP/1.1\" 200 - \"-\" \"PostmanRuntime/7.44.0\""}
{"level":"info","message":"::1 - - [02/Jun/2025:11:28:37 +0000] \"GET /api/search?q=project&category=1 HTTP/1.1\" 200 - \"-\" \"PostmanRuntime/7.44.0\""}
{"level":"info","message":"::1 - - [03/Jun/2025:10:07:27 +0000] \"POST /api/telegram HTTP/1.1\" 200 315 \"-\" \"PostmanRuntime/7.44.0\""}
{"level":"info","message":"::1 - - [03/Jun/2025:10:23:39 +0000] \"PUT /api/telegram HTTP/1.1\" 404 - \"-\" \"PostmanRuntime/7.44.0\""}
{"level":"info","message":"::1 - - [03/Jun/2025:10:24:04 +0000] \"PUT /api/telegram/22 HTTP/1.1\" 400 136 \"-\" \"PostmanRuntime/7.44.0\""}
{"level":"info","message":"::1 - - [03/Jun/2025:10:27:26 +0000] \"PUT /api/telegram/22 HTTP/1.1\" 200 341 \"-\" \"PostmanRuntime/7.44.0\""}
{"level":"info","message":"::1 - - [03/Jun/2025:10:29:51 +0000] \"DELETE /api/telegram/22 HTTP/1.1\" 200 86 \"-\" \"PostmanRuntime/7.44.0\""}
{"level":"info","message":"::1 - - [03/Jun/2025:10:37:00 +0000] \"GET /api/telegram/21 HTTP/1.1\" 500 - \"-\" \"PostmanRuntime/7.44.0\""}
{"level":"info","message":"::1 - - [03/Jun/2025:10:41:06 +0000] \"GET /api/telegram/21 HTTP/1.1\" 400 119 \"-\" \"PostmanRuntime/7.44.0\""}
{"level":"info","message":"::1 - - [03/Jun/2025:10:41:21 +0000] \"GET /api/telegram/20 HTTP/1.1\" 400 119 \"-\" \"PostmanRuntime/7.44.0\""}
{"level":"info","message":"::1 - - [03/Jun/2025:10:41:38 +0000] \"POST /api/telegram/ HTTP/1.1\" 200 313 \"-\" \"PostmanRuntime/7.44.0\""}
{"level":"info","message":"::1 - - [03/Jun/2025:10:41:49 +0000] \"GET /api/telegram/23 HTTP/1.1\" 400 119 \"-\" \"PostmanRuntime/7.44.0\""}
{"level":"info","message":"::1 - - [05/Jun/2025:08:13:22 +0000] \"GET /api/telegram/23 HTTP/1.1\" 400 119 \"-\" \"PostmanRuntime/7.44.0\""}
{"level":"info","message":"::1 - - [05/Jun/2025:08:15:45 +0000] \"GET /api/telegram/23 HTTP/1.1\" 400 119 \"-\" \"PostmanRuntime/7.44.0\""}
{"level":"info","message":"::1 - - [05/Jun/2025:18:29:18 +0000] \"GET /api/news HTTP/1.1\" 200 448 \"-\" \"PostmanRuntime/7.44.0\""}
{"level":"info","message":"::1 - - [05/Jun/2025:18:29:45 +0000] \"GET /api/news/1 HTTP/1.1\" 200 446 \"-\" \"PostmanRuntime/7.44.0\""}
{"level":"info","message":"::1 - - [06/Jun/2025:07:32:47 +0000] \"GET /api/news/1 HTTP/1.1\" 200 446 \"-\" \"PostmanRuntime/7.44.0\""}
{"level":"info","message":"::1 - - [06/Jun/2025:07:32:56 +0000] \"GET /api/news/2 HTTP/1.1\" 404 77 \"-\" \"PostmanRuntime/7.44.0\""}
{"level":"info","message":"::1 - - [06/Jun/2025:07:46:07 +0000] \"DELETE /api/news/1 HTTP/1.1\" 500 319 \"-\" \"PostmanRuntime/7.44.0\""}
{"level":"info","message":"::1 - - [06/Jun/2025:07:46:30 +0000] \"GET /api/news/1 HTTP/1.1\" 200 446 \"-\" \"PostmanRuntime/7.44.0\""}
{"level":"info","message":"::1 - - [06/Jun/2025:07:46:38 +0000] \"DELETE /api/news/1 HTTP/1.1\" 200 446 \"-\" \"PostmanRuntime/7.44.0\""}
{"level":"info","message":"::1 - - [06/Jun/2025:07:46:47 +0000] \"DELETE /api/news/1 HTTP/1.1\" 404 77 \"-\" \"PostmanRuntime/7.44.0\""}
{"level":"info","message":"::1 - - [06/Jun/2025:07:47:06 +0000] \"DELETE /api/news/1 HTTP/1.1\" 404 77 \"-\" \"PostmanRuntime/7.44.0\""}
{"level":"info","message":"::1 - - [06/Jun/2025:07:47:13 +0000] \"GET /api/news/1 HTTP/1.1\" 404 77 \"-\" \"PostmanRuntime/7.44.0\""}
{"level":"info","message":"::1 - - [06/Jun/2025:07:50:05 +0000] \"GET /api/news HTTP/1.1\" 200 467 \"-\" \"PostmanRuntime/7.44.0\""}
{"level":"info","message":"::1 - - [06/Jun/2025:07:54:56 +0000] \"GET /api/news/ HTTP/1.1\" 200 467 \"-\" \"PostmanRuntime/7.44.0\""}
{"level":"info","message":"::1 - - [06/Jun/2025:07:55:27 +0000] \"GET /api/news/ HTTP/1.1\" 500 329 \"-\" \"PostmanRuntime/7.44.0\""}
{"level":"info","message":"::1 - - [06/Jun/2025:07:55:38 +0000] \"GET /api/news/1 HTTP/1.1\" 404 77 \"-\" \"PostmanRuntime/7.44.0\""}
{"level":"info","message":"::1 - - [06/Jun/2025:07:55:43 +0000] \"GET /api/news/2 HTTP/1.1\" 200 465 \"-\" \"PostmanRuntime/7.44.0\""}
{"level":"info","message":"::1 - - [06/Jun/2025:07:55:51 +0000] \"DELETE /api/news/2 HTTP/1.1\" 200 465 \"-\" \"PostmanRuntime/7.44.0\""}
{"level":"info","message":"::1 - - [17/Jun/2025:17:38:00 +0000] \"POST /api/landing/ HTTP/1.1\" 201 - \"-\" \"PostmanRuntime/7.44.0\""}
{"level":"info","message":"::1 - - [17/Jun/2025:17:40:00 +0000] \"GET /api/landing/ HTTP/1.1\" 200 - \"-\" \"PostmanRuntime/7.44.0\""}
{"level":"info","message":"::1 - - [17/Jun/2025:18:31:19 +0000] \"DELETE /api/landing/1 HTTP/1.1\" 200 91 \"-\" \"PostmanRuntime/7.44.0\""}
{"level":"info","message":"::1 - - [17/Jun/2025:18:31:28 +0000] \"GET /api/landing/ HTTP/1.1\" 200 141 \"-\" \"PostmanRuntime/7.44.0\""}
{"level":"info","message":"::1 - - [18/Jun/2025:14:35:18 +0000] \"POST /api/remark/ HTTP/1.1\" 308 - \"-\" \"PostmanRuntime/7.44.0\""}
{"level":"info","message":"::1 - - [18/Jun/2025:14:35:42 +0000] \"POST /api/remark HTTP/1.1\" 404 - \"http://localhost:3000/api/remark/\" \"PostmanRuntime/7.44.0\""}
{"level":"info","message":"::1 - - [18/Jun/2025:14:36:48 +0000] \"POST /api/remark/ HTTP/1.1\" 201 257 \"-\" \"PostmanRuntime/7.44.0\""}
{"level":"info","message":"::1 - - [18/Jun/2025:14:38:10 +0000] \"POST /api/remark/1 HTTP/1.1\" 404 - \"-\" \"PostmanRuntime/7.44.0\""}
{"level":"info","message":"::1 - - [18/Jun/2025:14:38:23 +0000] \"POST /api/remark/reply/1 HTTP/1.1\" 400 102 \"-\" \"PostmanRuntime/7.44.0\""}
{"level":"info","message":"::1 - - [18/Jun/2025:14:38:58 +0000] \"POST /api/remark/reply/1 HTTP/1.1\" 200 81 \"-\" \"PostmanRuntime/7.44.0\""}
{"level":"warn","message":"⚠️  Environment file .env.development.local not found. Make sure to run configureEnvironment."}
{"level":"warn","message":"⚠️  Environment file .env.development.local not found. Make sure to run configureEnvironment."}
{"level":"warn","message":"⚠️  Environment file .env.development.local not found. Make sure to run configureEnvironment."}
{"level":"info","message":"::1 - - [23/Jun/2025:08:31:24 +0000] \"GET /api/remark HTTP/1.1\" 200 260 \"-\" \"PostmanRuntime/7.32.3\""}
{"level":"info","message":"::1 - - [23/Jun/2025:14:46:01 +0000] \"GET /api/news HTTP/1.1\" 500 356 \"-\" \"PostmanRuntime/7.32.3\""}
{"level":"info","message":"::1 - - [23/Jun/2025:14:46:29 +0000] \"GET /api/news/ HTTP/1.1\" 500 356 \"-\" \"PostmanRuntime/7.32.3\""}
{"level":"info","message":"::1 - - [25/Jun/2025:06:29:33 +0000] \"GET /api/auth/ HTTP/1.1\" 308 - \"-\" \"PostmanRuntime/7.32.3\""}
{"level":"info","message":"::1 - - [25/Jun/2025:06:29:40 +0000] \"GET /api/auth HTTP/1.1\" 404 - \"http://localhost:3000/api/auth/\" \"PostmanRuntime/7.32.3\""}
{"level":"info","message":"::1 - - [25/Jun/2025:06:31:17 +0000] \"POST /api/auth/signup HTTP/1.1\" 500 - \"-\" \"PostmanRuntime/7.32.3\""}
{"level":"info","message":"::1 - - [25/Jun/2025:06:31:47 +0000] \"POST /api/auth/signup HTTP/1.1\" 500 - \"-\" \"PostmanRuntime/7.32.3\""}
{"level":"info","message":"::1 - - [25/Jun/2025:06:32:01 +0000] \"POST /api/auth/signup HTTP/1.1\" 500 - \"-\" \"PostmanRuntime/7.32.3\""}
{"level":"info","message":"::1 - - [25/Jun/2025:06:32:28 +0000] \"POST /api/auth/signup HTTP/1.1\" 500 - \"-\" \"PostmanRuntime/7.32.3\""}
{"level":"info","message":"::1 - - [25/Jun/2025:06:32:52 +0000] \"POST /api/auth/signup HTTP/1.1\" 500 - \"-\" \"PostmanRuntime/7.32.3\""}
{"level":"info","message":"::1 - - [25/Jun/2025:06:32:58 +0000] \"POST /api/auth/signup HTTP/1.1\" 500 - \"-\" \"PostmanRuntime/7.32.3\""}
{"level":"info","message":"::1 - - [25/Jun/2025:06:33:02 +0000] \"POST /api/auth/signup/ HTTP/1.1\" 500 - \"-\" \"PostmanRuntime/7.32.3\""}
{"level":"info","message":"::1 - - [25/Jun/2025:06:33:52 +0000] \"POST /api/auth/signup/ HTTP/1.1\" 500 - \"-\" \"PostmanRuntime/7.32.3\""}
{"level":"info","message":"::1 - - [25/Jun/2025:06:34:33 +0000] \"POST /api/auth/signup/ HTTP/1.1\" 400 129 \"-\" \"PostmanRuntime/7.32.3\""}
{"level":"info","message":"::1 - - [25/Jun/2025:06:35:01 +0000] \"POST /api/auth/signup/ HTTP/1.1\" 400 91 \"-\" \"PostmanRuntime/7.32.3\""}
{"level":"info","message":"::1 - - [25/Jun/2025:06:35:21 +0000] \"POST /api/auth/signup/ HTTP/1.1\" 400 106 \"-\" \"PostmanRuntime/7.32.3\""}
{"level":"info","message":"::1 - - [25/Jun/2025:06:37:20 +0000] \"POST /api/auth/signup/ HTTP/1.1\" 400 106 \"-\" \"PostmanRuntime/7.32.3\""}
{"level":"info","message":"::1 - - [25/Jun/2025:06:37:48 +0000] \"POST /api/auth/signup/ HTTP/1.1\" 201 380 \"-\" \"PostmanRuntime/7.32.3\""}
{"level":"info","message":"::1 - - [25/Jun/2025:06:48:38 +0000] \"POST /api/auth/signup/ HTTP/1.1\" 409 90 \"-\" \"PostmanRuntime/7.32.3\""}
{"level":"info","message":"::1 - - [25/Jun/2025:06:48:48 +0000] \"POST /api/auth/signup/ HTTP/1.1\" 200 628 \"-\" \"PostmanRuntime/7.32.3\""}
{"level":"info","message":"::1 - - [25/Jun/2025:07:59:32 +0000] \"POST /api/auth/signup/ HTTP/1.1\" 200 628 \"-\" \"PostmanRuntime/7.32.3\""}
{"level":"info","message":"::1 - - [25/Jun/2025:08:06:26 +0000] \"GET /api/auth/signup/ HTTP/1.1\" 308 - \"-\" \"PostmanRuntime/7.32.3\""}
{"level":"info","message":"::1 - - [25/Jun/2025:08:06:28 +0000] \"GET /api/auth/signup HTTP/1.1\" 404 - \"http://localhost:3000/api/auth/signup/\" \"PostmanRuntime/7.32.3\""}
{"level":"info","message":"::1 - - [25/Jun/2025:08:06:39 +0000] \"GET /api/auth/signup/ HTTP/1.1\" 308 - \"-\" \"PostmanRuntime/7.32.3\""}
{"level":"info","message":"::1 - - [25/Jun/2025:08:06:39 +0000] \"GET /api/auth/signup HTTP/1.1\" 404 - \"http://localhost:3000/api/auth/signup/\" \"PostmanRuntime/7.32.3\""}
{"level":"info","message":"::1 - - [25/Jun/2025:08:06:59 +0000] \"POST /api/auth/signup/ HTTP/1.1\" 200 557 \"-\" \"PostmanRuntime/7.32.3\""}
{"level":"info","message":"::1 - - [25/Jun/2025:08:08:34 +0000] \"POST /api/category HTTP/1.1\" 401 102 \"-\" \"PostmanRuntime/7.32.3\""}
{"level":"info","message":"::1 - - [25/Jun/2025:08:08:57 +0000] \"POST /api/category HTTP/1.1\" 401 113 \"-\" \"PostmanRuntime/7.32.3\""}
{"level":"info","message":"::1 - - [25/Jun/2025:08:09:02 +0000] \"POST /api/category HTTP/1.1\" 403 130 \"-\" \"PostmanRuntime/7.32.3\""}
{"level":"info","message":"::1 - - [25/Jun/2025:08:09:30 +0000] \"POST /api/category HTTP/1.1\" 403 133 \"-\" \"PostmanRuntime/7.32.3\""}
{"level":"info","message":"::1 - - [25/Jun/2025:08:09:57 +0000] \"POST /api/category HTTP/1.1\" 201 209 \"-\" \"PostmanRuntime/7.32.3\""}
{"level":"info","message":"::1 - - [25/Jun/2025:11:39:51 +0000] \"POST /api/category HTTP/1.1\" 201 208 \"-\" \"PostmanRuntime/7.32.3\""}
{"level":"info","message":"::1 - - [25/Jun/2025:11:40:44 +0000] \"POST /api/category/3 HTTP/1.1\" 404 - \"-\" \"PostmanRuntime/7.32.3\""}
{"level":"info","message":"::1 - - [25/Jun/2025:11:41:11 +0000] \"PUT /api/category/3 HTTP/1.1\" 200 208 \"-\" \"PostmanRuntime/7.32.3\""}
